{
  "exclude": {
    "files": null,
    "lines": null
  },
  "generated_at": "2019-11-13T12:54:05Z",
  "plugins_used": [
    {
      "name": "AWSKeyDetector"
    },
    {
      "name": "ArtifactoryDetector"
    },
    {
      "base64_limit": 4.5,
      "name": "Base64HighEntropyString"
    },
    {
      "name": "BasicAuthDetector"
    },
    {
      "hex_limit": 3,
      "name": "HexHighEntropyString"
    },
    {
      "name": "JwtTokenDetector"
    },
    {
      "keyword_exclude": null,
      "name": "KeywordDetector"
    },
    {
      "name": "MailchimpDetector"
    },
    {
      "name": "PrivateKeyDetector"
    },
    {
      "name": "SlackDetector"
    },
    {
      "name": "StripeDetector"
    }
  ],
  "results": {
    "tests/fixtures/data/vulnerable_by_severity.json": [
      {
        "hashed_secret": "dd5b97ed90b091e87c911a894db3dc0b712f0224",
        "is_secret": false,
        "is_verified": false,
        "line_number": 31,
        "type": "Base64 High Entropy String"
      },
      {
        "hashed_secret": "10284a1848b249ae6ab93a756eaaca8ddb27a880",
        "is_secret": false,
        "is_verified": false,
        "line_number": 36,
        "type": "Base64 High Entropy String"
      },
      {
        "hashed_secret": "51d2b1151dd77a5d9bb8c4da662cdc82dd97cbb8",
        "is_secret": false,
        "is_verified": false,
        "line_number": 79,
        "type": "Base64 High Entropy String"
      },
      {
        "hashed_secret": "858eac0f6429ab5d6a4d60c307f9b32f8e21f9d6",
        "is_secret": false,
        "is_verified": false,
        "line_number": 84,
        "type": "Base64 High Entropy String"
      }
    ]
  },
  "version": "0.13.0",
  "word_list": {
    "file": null,
    "hash": null
  }
}
