{
  "exclude": {
    "files": null,
    "lines": null
  },
  "generated_at": "2020-05-14T09:29:59Z",
  "plugins_used": [
    {
      "name": "AWSKeyDetector"
    },
    {
      "name": "ArtifactoryDetector"
    },
    {
      "base64_limit": 4.5,
      "name": "Base64HighEntropyString"
    },
    {
      "name": "BasicAuthDetector"
    },
    {
      "hex_limit": 3,
      "name": "HexHighEntropyString"
    },
    {
      "name": "JwtTokenDetector"
    },
    {
      "keyword_exclude": null,
      "name": "KeywordDetector"
    },
    {
      "name": "MailchimpDetector"
    },
    {
      "name": "PrivateKeyDetector"
    },
    {
      "name": "SlackDetector"
    },
    {
      "name": "SoftlayerDetector"
    },
    {
      "name": "StripeDetector"
    }
  ],
  "results": {
    ".gds/.secrets.baseline": [
      {
        "hashed_secret": "35aacca4c382e3fcda07b61262f919fec4ab5331",
        "is_verified": false,
        "line_number": 48,
        "type": "Hex High Entropy String"
      },
      {
        "hashed_secret": "35aacca4c382e3fcda07b61262f919fec4ab5331",
        "is_verified": false,
        "line_number": 48,
        "type": "Secret Keyword"
      },
      {
        "hashed_secret": "b8bde315ee104d2235dff73eea6339eaa436dc6b",
        "is_verified": false,
        "line_number": 55,
        "type": "Hex High Entropy String"
      },
      {
        "hashed_secret": "b8bde315ee104d2235dff73eea6339eaa436dc6b",
        "is_verified": false,
        "line_number": 55,
        "type": "Secret Keyword"
      },
      {
        "hashed_secret": "65a57826b0833bf00bf6c98dd58ad15c277d63e6",
        "is_verified": false,
        "line_number": 62,
        "type": "Hex High Entropy String"
      },
      {
        "hashed_secret": "65a57826b0833bf00bf6c98dd58ad15c277d63e6",
        "is_verified": false,
        "line_number": 62,
        "type": "Secret Keyword"
      },
      {
        "hashed_secret": "b986178fc5028d012f0a0f84c1e5840a64fafcf8",
        "is_verified": false,
        "line_number": 69,
        "type": "Hex High Entropy String"
      },
      {
        "hashed_secret": "b986178fc5028d012f0a0f84c1e5840a64fafcf8",
        "is_verified": false,
        "line_number": 69,
        "type": "Secret Keyword"
      }
    ]
  },
  "version": "0.13.1",
  "word_list": {
    "file": null,
    "hash": null
  }
}
